---
$schema: http://json-schema.org/draft-07/schema#
title: Model
type: object
additionalProperties: false
properties:
  someProp:
    type: string
